// Jest Snapshot v1, https://goo.gl/fbAQLP

exports[`Title matches snapshot 1`] = `
<div>
  <section
    class="undefined container-fluid"
    data-testid="Title-container"
  >
    <div
      class="row justify-content-center"
    >
      <div
        class="col-lg-4 col-md-6"
      >
        <div
          class="react-reveal undefined mb-5"
        >
          <p>
            <span />
          </p>
          <h1>
            <span />
            <span>
              .
            </span>
          </h1>
          <p>
            <span />
          </p>
          <div
            class="mt-5"
          >
            <a
              class="mr-4 mb-4"
              href="mailto:ericong18@gmail.com"
            >
              <button
                class="undefined undefined btn btn-secondary"
              >
                <span />
              </button>
            </a>
            <a
              class="mr-4 mb-4"
              href="/docs/EricOngResume.pdf"
            >
              <button
                class="undefined undefined btn btn-secondary"
              >
                <span />
                <div
                  style="position: relative;"
                />
              </button>
            </a>
          </div>
        </div>
      </div>
      <div
        class="col-lg-3 offset-lg-1 col-md-4"
      >
        <img
          alt="Eric Ong"
          src="/imgs/title/me.jpg"
        />
      </div>
    </div>
  </section>
</div>
`;
